// Jest Snapshot v1, https://goo.gl/fbAQLP

exports[`<WeatherTable /> renders without crashing 1`] = `
<Fragment>
  <hr />
  <nav
    className="level"
  >
    <div
      className="level-item has-text-centered clickableBox paddedBox"
      key="daily2022-11-11"
    >
      <div>
        <p>
          11
           
          Nov
           
          2022
          <br />
          <p
            className="is-size-4"
          >
            Thursday
          </p>
        </p>
        <img
          alt="icon"
          height="50px"
          src="https://openweathermap.org/img/wn/04n@2x.png"
          width="50px"
        />
        <br />
        11.3
         - 
        14.3
        °C
        <br />
        broken clouds
        <br />
        Wind: 
        3.38
        m/s
      </div>
    </div>
    <div
      className="level-item has-text-centered clickableBox paddedBox"
      key="daily2022-11-12"
    >
      <div>
        <p>
          12
           
          Nov
           
          2022
          <br />
          <p
            className="is-size-4"
          >
            Friday
          </p>
        </p>
        <img
          alt="icon"
          height="50px"
          src="https://openweathermap.org/img/wn/04n@2x.png"
          width="50px"
        />
        <br />
        10.4
         - 
        16.1
        °C
        <br />
        overcast clouds
        <br />
        Wind: 
        2.85
        m/s
      </div>
    </div>
    <div
      className="level-item has-text-centered clickableBox paddedBox"
      key="daily2022-11-13"
    >
      <div>
        <p>
          13
           
          Nov
           
          2022
          <br />
          <p
            className="is-size-4"
          >
            Saturday
          </p>
        </p>
        <img
          alt="icon"
          height="50px"
          src="https://openweathermap.org/img/wn/04n@2x.png"
          width="50px"
        />
        <br />
        11.3
         - 
        15.2
        °C
        <br />
        overcast clouds
        <br />
        Wind: 
        2.43
        m/s
      </div>
    </div>
    <div
      className="level-item has-text-centered clickableBox paddedBox"
      key="daily2022-11-14"
    >
      <div>
        <p>
          14
           
          Nov
           
          2022
          <br />
          <p
            className="is-size-4"
          >
            Sunday
          </p>
        </p>
        <img
          alt="icon"
          height="50px"
          src="https://openweathermap.org/img/wn/10d@2x.png"
          width="50px"
        />
        <br />
        10.5
         - 
        13.3
        °C
        <br />
        light rain
        <br />
        Wind: 
        1.88
        m/s
      </div>
    </div>
    <div
      className="level-item has-text-centered clickableBox paddedBox"
      key="daily2022-11-15"
    >
      <div>
        <p>
          15
           
          Nov
           
          2022
          <br />
          <p
            className="is-size-4"
          >
            Monday
          </p>
        </p>
        <img
          alt="icon"
          height="50px"
          src="https://openweathermap.org/img/wn/10n@2x.png"
          width="50px"
        />
        <br />
        9.7
         - 
        13.4
        °C
        <br />
        moderate rain
        <br />
        Wind: 
        6.85
        m/s
      </div>
    </div>
    <div
      className="level-item has-text-centered clickableBox paddedBox"
      key="daily2022-11-16"
    >
      <div>
        <p>
          16
           
          Nov
           
          2022
          <br />
          <p
            className="is-size-4"
          >
            Tuesday
          </p>
        </p>
        <img
          alt="icon"
          height="50px"
          src="https://openweathermap.org/img/wn/10n@2x.png"
          width="50px"
        />
        <br />
        8.8
         - 
        11.1
        °C
        <br />
        light rain
        <br />
        Wind: 
        5.63
        m/s
      </div>
    </div>
  </nav>
  <hr />
</Fragment>
`;
